INFO — Starting chunked dipole run.
DEBUG — Initial velocity: 0.0, 0.0014590476246284258, 0.0008423815388397059
DEBUG — Initial position: 5.0, 0.0, 0.0
DEBUG — Initial gyroradius: 0.18238095307855318
INFO — Peak memory usage for load/write h5: 18.94 MB

DEBUG — PS: step=1.210e+01, steps=26612, final_time=3.220e+05
RK4: step=1.210e+01, steps=26612, final_time=3.220e+05
RK45: final time = 3.220e+05
DEBUG — Data access for plottings: 0.00 MB

DEBUG — Norm Time: 3.22e+05 MB
DEBUG — Physical Time   : 1.15e+01 s
DEBUG — ps_step: 12.1, norm_time: 322013.24699295376, steps_ps: 26612
INFO — Peak memory usage for slice analysis: 5.29 MB
DEBUG — [SLICE OK] PS: [0.000000e+00, 3.220052e+05]
DEBUG — [SLICE OK] RK4: [0.000000e+00, 3.220052e+05]
DEBUG — [SLICE OK] RK45: [0.000000e+00, 3.220052e+05]
INFO — Peak memory usage for KE analysis: 14.32 MB
INFO — energy stride: 1
DEBUG — [PS] E rel drift initial =0.00e+00, E rel drift mid =2.78e-14, E rel drift final =4.54e-14
DEBUG — [RK4] E rel drift initial =0.00e+00, E rel drift mid =1.07e-03, E rel drift final =2.15e-03
DEBUG — [RK45] E rel drift initial =0.00e+00, E rel drift mid =7.63e-05, E rel drift final =1.53e-04
INFO — Peak memory usage for moment analysis: 9.15 MB
DEBUG — mu midpoint: 2438
DEBUG — mu midpoint: 2438
DEBUG — mu midpoint: 2438
INFO — moment stride: 1
DEBUG — [PS] mu rel drift initial =1.03e-01, mu rel drift mid =1.51e-01, mu rel drift final =1.90e-01
DEBUG — [RK4] mu rel drift initial =1.17e-01, mu rel drift mid =2.25e-01, mu rel drift final =2.20e-01
DEBUG — [RK45] mu rel drift initial =1.04e-01, mu rel drift mid =1.58e-01, mu rel drift final =1.93e-01
DEBUG — [RK45 Slice] t_start=0.000e+00, t_end=3.220e+05, len=26613
DEBUG — mu-window RK4  : 5.898750e+04
DEBUG — mu-window RK45 : 5.898750e+04
DEBUG — mu-window PS   : 5.898750e+04
DEBUG —   rk4 step size = 12.1
DEBUG —   rk4 steps     = 26612
DEBUG —   ps steps      = 26612
INFO — Peak memory usage for summary write up: 0.41 MB
